{
  "id": "task-015",
  "title": "Add pagination",
  "description": "Paginate audit log results.",
  "expected_outcome": "API returns paginated data",
  "tags": [
    "backend",
    "feature"
  ]
}